
// ==========================================================================
//  GPPG error listing for yacc source file <kompilator.y - 11.06.2020 12:01:10>
// ==========================================================================
//  Version:  1.5.2
//  Machine:  DESKTOP-EC4UU67
//  DateTime: 11.06.2020 12:01:14
//  UserName: tomek
// ==========================================================================



// Uwaga: W wywoÅaniu generatora gppg naleÅ¼y uÅ¼yÄ opcji /gplex

%namespace GardensPoint

%union
{
public string  val;
public char    type;
}

%token Assign Plus Minus Multiplies Divides 
%token Program Return Eof Error 
%token If Else While
%token Read Write
%token Int Double Bool
%token True False
%token OpenBracket CloseBracket Semicolon OpenPar ClosePar
%token Equal NotEqual Greater GreaterEqual Less LessEqual
%token <val> Ident IntNumber RealNumber

%type <type> code stat exp term factor declare bool cond while

%%
start    : Program OpenBracket code CloseBracket 
                {
               //Compiler.EmitCode("// linia {0,3} :  "+Compiler.source[lineno-1],lineno);
               Compiler.EmitCode("ldstr \"\\nEnd of execution\\n\"");
               Compiler.EmitCode("call void [mscorlib]System.Console::WriteLine(string)");
               Compiler.EmitCode("");
               YYACCEPT;
               }
               Eof 
           ;
code     : code stat { ++lineno; }
          | stat { ++lineno; }
          ;
stat      : write | assign | declare | while | block | cond
          | error
               {
               Console.WriteLine("  line {0,3}:  syntax error",lineno);
               ++Compiler.errors;
               yyerrok();
               }
          | error Eof
               {
               Console.WriteLine("  line {0,3}:  syntax error",lineno);
               ++Compiler.errors;
               yyerrok();
               YYACCEPT;
               }
          ;
block     : OpenBracket code CloseBracket
          ;
cond      : ifelse | if
          ;
while     : While { Compiler.EmitCode("while{0}:", ++whilecounter); } OpenPar bool ClosePar OpenBracket { Compiler.EmitCode("brfalse endwhile{0}", whilecounter); }
            stat
            { Compiler.EmitCode("br while{0}", whilecounter); } CloseBracket { Compiler.EmitCode("endwhile{0}:", whilecounter); }
          ;
if        : If OpenPar bool ClosePar 
            {
                //temp = Compiler.NewTemp();
               // temp = "elo";
               // Compiler.EmitCode("brfalse {0}", temp);
            }
            stat
            {// Compiler.EmitCode("{0}:", temp); }
//----------^^^^^^^^^^^^^^^^^^^^^^^^^^^^^^^^^^^^^^
// Error: Position of unmatched brace
// ----------------------------------
          ;
ifelse    : If OpenPar bool ClosePar 
            stat
            Else
            stat
            ;
bool      : exp Equal exp 
            {
                Compiler.EmitCode("ceq");
            }
            | exp NotEqual exp
            {
                Compiler.EmitCode("ceq");
                Compiler.EmitCode("neg");
            }
            | exp Greater exp
            {
                Compiler.EmitCode("cgt");
            }
            | exp GreaterEqual exp
            {
                
            }
            | exp Less exp
            {
                Compiler.EmitCode("clt");
            }
            | exp LessEqual
            {
            }
            | True 
            | False
          ; 
declare   : Int Ident Semicolon
            {
                Compiler.EmitCode(".locals init ( int32 i{0} )", $2);

            }
            | Double Ident Semicolon
            {
                Compiler.EmitCode(".locals init ( float64 f{0} )", $2);
                Compiler.EmitCode("ldc.r8 0");
                Compiler.EmitCode("stloc f{0}", $2);
            }
            | Bool Ident Semicolon
            {
                Compiler.EmitCode(".locals init ( int32 b{0} )", $2);
                Compiler.EmitCode("ldc.i4 0");
                Compiler.EmitCode("stloc b{0}", $2);
            }
            ;
write     : Write
               {
               //Compiler.EmitCode("// linia {0,3} :  "+Compiler.source[lineno-1],lineno);
               Compiler.EmitCode("ldstr \"  Write: {0}\"");
               }
            exp Semicolon
               {
               Compiler.EmitCode("box [mscorlib]System.{0}",$3=='i'?"Int32":"Double");
               Compiler.EmitCode("ldstr \"{0}\"",$3=='i'?"i":"r");
               Compiler.EmitCode("call void [mscorlib]System.Console::WriteLine(string,object,object)");
               Compiler.EmitCode("");
               }
          ;
assign    : Ident Assign exp Semicolon
               {
               if ( $1[0]=='@' && $3!='i' )
                   {
                   Console.WriteLine("  line {0,3}:  semantic error - cannot convert real to int",lineno);
                   ++Compiler.errors;
                   }
               else
                   {
                   if ( $1[0]=='$' && $3!='r' )
                       Compiler.EmitCode("conv.r8");

                    Compiler.EmitCode("stloc i{0}", $1);
                   //Compiler.EmitCode("stloc _{0}{1}", $1[0]=='@'?'i':'r', $1[1]);
                   Compiler.EmitCode("");
                   }
               } 
               ;
exp       : exp Plus term
               { $$ = BinaryOpGenCode(Tokens.Plus, $1, $3); }
          | exp Minus term
               { $$ = BinaryOpGenCode(Tokens.Minus, $1, $3); }
          | term
               { $$ = $1; }
          ;

term      : term Multiplies factor
               { $$ = BinaryOpGenCode(Tokens.Multiplies, $1, $3); }
          | term Divides factor
               { $$ = BinaryOpGenCode(Tokens.Divides, $1, $3); }
          | factor
               { $$ = $1; }
          ;

factor    : OpenPar exp ClosePar
               { $$ = $2; }
          | IntNumber
               {
               Compiler.EmitCode("ldc.i4 {0}",int.Parse($1));
               $$ = 'i'; 
               }
          | RealNumber
               {
               double d = double.Parse($1,System.Globalization.CultureInfo.InvariantCulture) ;
               Compiler.EmitCode(string.Format(System.Globalization.CultureInfo.InvariantCulture,"ldc.r8 {0}",d));
               $$ = 'r'; 
               }
          | Ident
               {
               Compiler.EmitCode("ldloc i{0}", $1);
               $$ = $1[0]=='@'?'i':'r';
               }
          ;

%%
// Error: Premature termination of Code Block
// Error: Syntax error, unexpected %%, expecting codeEnd, or error
// ---------------------------------------------------------------

int lineno=1;
//-------^^^
// Error: This character is invalid in this context
// Error: This character is invalid in this context
// ------------------------------------------------
string temp;
int whilecounter=1;
//-------------^^^
// Error: This character is invalid in this context
// Error: This character is invalid in this context
// ------------------------------------------------

public Parser(Scanner scanner) : base(scanner) { }
//----------^^--------------^^------^^------^^
// Error: This character is invalid in this context
// Error: This character is invalid in this context
// Error: This character is invalid in this context
// Error: This character is invalid in this context
// ------------------------------------------------

private char BinaryOpGenCode(Tokens t, char type1, char type2)
//-------------------------^^-------------------------------^^
// Error: This character is invalid in this context
// Error: This character is invalid in this context
// ------------------------------------------------
    {
    char type = ( type1=='i' && type2=='i' ) ? 'i' : 'r' ;
    if ( type1!=type )
        {
        Compiler.EmitCode("stloc temp");
        Compiler.EmitCode("conv.r8");
        Compiler.EmitCode("ldloc temp");
        }
   // if ( type2!=type )
   //     Compiler.EmitCode("conv.r8");
    switch ( t )
        {
        case Tokens.Plus:
            Compiler.EmitCode("add");
            break;
        case Tokens.Minus:
            Compiler.EmitCode("sub");
            break;
        case Tokens.Multiplies:
            Compiler.EmitCode("mul");
            break;
        case Tokens.Divides:
            Compiler.EmitCode("div");
            break;
        default:
            Console.WriteLine($"  line {lineno,3}:  internal gencode error");
            ++Compiler.errors;
            break;
        }
    return type;
    }// ==========================================================================

